Error: No such container: mysqldump
